Archive member included because of file (symbol)

/home/claudio/.pebble-sdk/SDKs/current/sdk-core/pebble/aplite/lib/libpebble.a(tmp7jpKUopebble.o)
                              src/c/pebble-stocks.c.33.o (app_event_loop)

Discarded input sections

 .text          0x0000000000000000        0x0 /home/claudio/pebble-dev/pebble-sdk-4.6-rc2-linux64/arm-cs-tools/bin/../lib/gcc/arm-none-eabi/4.7.2/thumb2/crti.o
 .bss           0x0000000000000000        0x0 /home/claudio/pebble-dev/pebble-sdk-4.6-rc2-linux64/arm-cs-tools/bin/../lib/gcc/arm-none-eabi/4.7.2/thumb2/crti.o
 .init          0x0000000000000000        0x4 /home/claudio/pebble-dev/pebble-sdk-4.6-rc2-linux64/arm-cs-tools/bin/../lib/gcc/arm-none-eabi/4.7.2/thumb2/crti.o
 .fini          0x0000000000000000        0x4 /home/claudio/pebble-dev/pebble-sdk-4.6-rc2-linux64/arm-cs-tools/bin/../lib/gcc/arm-none-eabi/4.7.2/thumb2/crti.o
 .text          0x0000000000000000       0xc8 /home/claudio/pebble-dev/pebble-sdk-4.6-rc2-linux64/arm-cs-tools/bin/../lib/gcc/arm-none-eabi/4.7.2/thumb2/crtbegin.o
 .bss           0x0000000000000000       0x1c /home/claudio/pebble-dev/pebble-sdk-4.6-rc2-linux64/arm-cs-tools/bin/../lib/gcc/arm-none-eabi/4.7.2/thumb2/crtbegin.o
 .init_array    0x0000000000000000        0x4 /home/claudio/pebble-dev/pebble-sdk-4.6-rc2-linux64/arm-cs-tools/bin/../lib/gcc/arm-none-eabi/4.7.2/thumb2/crtbegin.o
 .fini_array    0x0000000000000000        0x4 /home/claudio/pebble-dev/pebble-sdk-4.6-rc2-linux64/arm-cs-tools/bin/../lib/gcc/arm-none-eabi/4.7.2/thumb2/crtbegin.o
 .eh_frame      0x0000000000000000        0x0 /home/claudio/pebble-dev/pebble-sdk-4.6-rc2-linux64/arm-cs-tools/bin/../lib/gcc/arm-none-eabi/4.7.2/thumb2/crtbegin.o
 .jcr           0x0000000000000000        0x0 /home/claudio/pebble-dev/pebble-sdk-4.6-rc2-linux64/arm-cs-tools/bin/../lib/gcc/arm-none-eabi/4.7.2/thumb2/crtbegin.o
 .tm_clone_table
                0x0000000000000000        0x0 /home/claudio/pebble-dev/pebble-sdk-4.6-rc2-linux64/arm-cs-tools/bin/../lib/gcc/arm-none-eabi/4.7.2/thumb2/crtbegin.o
 .text          0x0000000000000000        0x0 src/c/pebble-stocks.c.33.o
 .bss           0x0000000000000000        0x0 src/c/pebble-stocks.c.33.o
 .text          0x0000000000000000        0x0 aplite/appinfo.auto.c.33.o
 .bss           0x0000000000000000        0x0 aplite/appinfo.auto.c.33.o
 .text          0x0000000000000000        0x0 aplite/src/resource_ids.auto.c.33.o
 .bss           0x0000000000000000        0x0 aplite/src/resource_ids.auto.c.33.o
 .text          0x0000000000000000        0x0 src/message_keys.auto.c.33.o
 .bss           0x0000000000000000        0x0 src/message_keys.auto.c.33.o
 .bss           0x0000000000000000        0x0 /home/claudio/.pebble-sdk/SDKs/current/sdk-core/pebble/aplite/lib/libpebble.a(tmp7jpKUopebble.o)
 .text.accel_data_service_subscribe__deprecated
                0x0000000000000000        0xc /home/claudio/.pebble-sdk/SDKs/current/sdk-core/pebble/aplite/lib/libpebble.a(tmp7jpKUopebble.o)
 .text.accel_data_service_unsubscribe
                0x0000000000000000        0xc /home/claudio/.pebble-sdk/SDKs/current/sdk-core/pebble/aplite/lib/libpebble.a(tmp7jpKUopebble.o)
 .text.accel_service_peek
                0x0000000000000000        0xc /home/claudio/.pebble-sdk/SDKs/current/sdk-core/pebble/aplite/lib/libpebble.a(tmp7jpKUopebble.o)
 .text.accel_service_set_samples_per_update
                0x0000000000000000        0xc /home/claudio/.pebble-sdk/SDKs/current/sdk-core/pebble/aplite/lib/libpebble.a(tmp7jpKUopebble.o)
 .text.accel_service_set_sampling_rate
                0x0000000000000000        0xc /home/claudio/.pebble-sdk/SDKs/current/sdk-core/pebble/aplite/lib/libpebble.a(tmp7jpKUopebble.o)
 .text.accel_tap_service_subscribe
                0x0000000000000000        0xc /home/claudio/.pebble-sdk/SDKs/current/sdk-core/pebble/aplite/lib/libpebble.a(tmp7jpKUopebble.o)
 .text.accel_tap_service_unsubscribe
                0x0000000000000000        0xc /home/claudio/.pebble-sdk/SDKs/current/sdk-core/pebble/aplite/lib/libpebble.a(tmp7jpKUopebble.o)
 .text.action_bar_layer_legacy2_add_to_window
                0x0000000000000000        0xc /home/claudio/.pebble-sdk/SDKs/current/sdk-core/pebble/aplite/lib/libpebble.a(tmp7jpKUopebble.o)
 .text.action_bar_layer_legacy2_clear_icon
                0x0000000000000000        0xc /home/claudio/.pebble-sdk/SDKs/current/sdk-core/pebble/aplite/lib/libpebble.a(tmp7jpKUopebble.o)
 .text.action_bar_layer_legacy2_create
                0x0000000000000000        0xc /home/claudio/.pebble-sdk/SDKs/current/sdk-core/pebble/aplite/lib/libpebble.a(tmp7jpKUopebble.o)
 .text.action_bar_layer_legacy2_destroy
                0x0000000000000000        0xc /home/claudio/.pebble-sdk/SDKs/current/sdk-core/pebble/aplite/lib/libpebble.a(tmp7jpKUopebble.o)
 .text.action_bar_layer_legacy2_get_layer
                0x0000000000000000        0xc /home/claudio/.pebble-sdk/SDKs/current/sdk-core/pebble/aplite/lib/libpebble.a(tmp7jpKUopebble.o)
[...]
Memory Configuration

Name             Origin             Length             Attributes
APP              0x0000000000000000 0x0000000000006000 xrw
*default*        0x0000000000000000 0xffffffffffffffff

Linker script and memory map

LOAD /home/claudio/pebble-dev/pebble-sdk-4.6-rc2-linux64/arm-cs-tools/bin/../lib/gcc/arm-none-eabi/4.7.2/thumb2/crti.o
LOAD /home/claudio/pebble-dev/pebble-sdk-4.6-rc2-linux64/arm-cs-tools/bin/../lib/gcc/arm-none-eabi/4.7.2/thumb2/crtbegin.o
LOAD src/c/pebble-stocks.c.33.o
LOAD aplite/appinfo.auto.c.33.o
LOAD aplite/src/resource_ids.auto.c.33.o
LOAD src/message_keys.auto.c.33.o
LOAD /home/claudio/.pebble-sdk/SDKs/current/sdk-core/pebble/aplite/lib/libpebble.a
LOAD /mnt/c/Users/Claudio/Desktop/pebble-stocks/node_modules/pebble-clay/dist/binaries/aplite/libpebble-clay.a
START GROUP
LOAD /home/claudio/pebble-dev/pebble-sdk-4.6-rc2-linux64/arm-cs-tools/bin/../lib/gcc/arm-none-eabi/4.7.2/thumb2/libgcc.a
LOAD /home/claudio/pebble-dev/pebble-sdk-4.6-rc2-linux64/arm-cs-tools/bin/../lib/gcc/arm-none-eabi/4.7.2/../../../../arm-none-eabi/lib/thumb2/libc.a
END GROUP
LOAD /home/claudio/pebble-dev/pebble-sdk-4.6-rc2-linux64/arm-cs-tools/bin/../lib/gcc/arm-none-eabi/4.7.2/thumb2/crtend.o
LOAD /home/claudio/pebble-dev/pebble-sdk-4.6-rc2-linux64/arm-cs-tools/bin/../lib/gcc/arm-none-eabi/4.7.2/thumb2/crtn.o

.header         0x0000000000000000       0x82
 *(.pbl_header)
 .pbl_header    0x0000000000000000       0x82 aplite/appinfo.auto.c.33.o
                0x0000000000000000                __pbl_app_info

.note.gnu.build-id
                0x0000000000000082       0x26
                0x0000000000000082                PROVIDE (BUILD_ID, .)
 *(.note.gnu.build-id)
 *fill*         0x0000000000000082        0x2 
 .note.gnu.build-id
                0x0000000000000084       0x24 linker stubs

.text           0x00000000000000a8      0x57f
 *(.text)
 .text          0x00000000000000a8       0x14 /home/claudio/.pebble-sdk/SDKs/current/sdk-core/pebble/aplite/lib/libpebble.a(tmp7jpKUopebble.o)
 *(.text.*)
 .text.get_num_rows_callback
                0x00000000000000bc        0xc src/c/pebble-stocks.c.33.o
 .text.get_cell_height_callback
                0x00000000000000c8        0x4 src/c/pebble-stocks.c.33.o
 .text.window_unload
                0x00000000000000cc       0x40 src/c/pebble-stocks.c.33.o
 .text.window_load
                0x000000000000010c       0x94 src/c/pebble-stocks.c.33.o
 .text.draw_row_callback
                0x00000000000001a0       0x2c src/c/pebble-stocks.c.33.o
 .text.inbox_dropped_handler
                0x00000000000001cc       0x20 src/c/pebble-stocks.c.33.o
 .text.inbox_received_handler
                0x00000000000001ec      0x21c src/c/pebble-stocks.c.33.o
 .text.startup.main
                0x0000000000000408       0x84 src/c/pebble-stocks.c.33.o
                0x0000000000000408                main
 .text.app_event_loop
                0x000000000000048c        0xc /home/claudio/.pebble-sdk/SDKs/current/sdk-core/pebble/aplite/lib/libpebble.a(tmp7jpKUopebble.o)
                0x000000000000048c                app_event_loop
 .text.app_log  0x0000000000000498        0xc /home/claudio/.pebble-sdk/SDKs/current/sdk-core/pebble/aplite/lib/libpebble.a(tmp7jpKUopebble.o)
                0x0000000000000498                app_log
 .text.app_message_open
                0x00000000000004a4        0xc /home/claudio/.pebble-sdk/SDKs/current/sdk-core/pebble/aplite/lib/libpebble.a(tmp7jpKUopebble.o)
                0x00000000000004a4                app_message_open
 .text.dict_find
                0x00000000000004b0        0xc /home/claudio/.pebble-sdk/SDKs/current/sdk-core/pebble/aplite/lib/libpebble.a(tmp7jpKUopebble.o)
                0x00000000000004b0                dict_find
 .text.layer_add_child
                0x00000000000004bc        0xc /home/claudio/.pebble-sdk/SDKs/current/sdk-core/pebble/aplite/lib/libpebble.a(tmp7jpKUopebble.o)
                0x00000000000004bc                layer_add_child
 .text.layer_destroy
                0x00000000000004c8        0xc /home/claudio/.pebble-sdk/SDKs/current/sdk-core/pebble/aplite/lib/libpebble.a(tmp7jpKUopebble.o)
                0x00000000000004c8                layer_destroy
 .text.layer_get_bounds
                0x00000000000004d4        0xc /home/claudio/.pebble-sdk/SDKs/current/sdk-core/pebble/aplite/lib/libpebble.a(tmp7jpKUopebble.o)
                0x00000000000004d4                layer_get_bounds
 .text.memset   0x00000000000004e0        0xc /home/claudio/.pebble-sdk/SDKs/current/sdk-core/pebble/aplite/lib/libpebble.a(tmp7jpKUopebble.o)
                0x00000000000004e0                memset
 .text.menu_cell_basic_draw
                0x00000000000004ec        0xc /home/claudio/.pebble-sdk/SDKs/current/sdk-core/pebble/aplite/lib/libpebble.a(tmp7jpKUopebble.o)
                0x00000000000004ec                menu_cell_basic_draw
 .text.menu_layer_destroy
                0x00000000000004f8        0xc /home/claudio/.pebble-sdk/SDKs/current/sdk-core/pebble/aplite/lib/libpebble.a(tmp7jpKUopebble.o)
                0x00000000000004f8                menu_layer_destroy
 .text.menu_layer_get_layer
                0x0000000000000504        0xc /home/claudio/.pebble-sdk/SDKs/current/sdk-core/pebble/aplite/lib/libpebble.a(tmp7jpKUopebble.o)
                0x0000000000000504                menu_layer_get_layer
 .text.menu_layer_reload_data
                0x0000000000000510        0xc /home/claudio/.pebble-sdk/SDKs/current/sdk-core/pebble/aplite/lib/libpebble.a(tmp7jpKUopebble.o)
                0x0000000000000510                menu_layer_reload_data
 .text.menu_layer_set_click_config_onto_window
                0x000000000000051c        0xc /home/claudio/.pebble-sdk/SDKs/current/sdk-core/pebble/aplite/lib/libpebble.a(tmp7jpKUopebble.o)
                0x000000000000051c                menu_layer_set_click_config_onto_window
 .text.strcpy   0x0000000000000528        0xc /home/claudio/.pebble-sdk/SDKs/current/sdk-core/pebble/aplite/lib/libpebble.a(tmp7jpKUopebble.o)
                0x0000000000000528                strcpy
 .text.window_create
                0x0000000000000534        0xc /home/claudio/.pebble-sdk/SDKs/current/sdk-core/pebble/aplite/lib/libpebble.a(tmp7jpKUopebble.o)
                0x0000000000000534                window_create
 .text.window_destroy
                0x0000000000000540        0xc /home/claudio/.pebble-sdk/SDKs/current/sdk-core/pebble/aplite/lib/libpebble.a(tmp7jpKUopebble.o)
                0x0000000000000540                window_destroy
 .text.window_get_root_layer
                0x000000000000054c        0xc /home/claudio/.pebble-sdk/SDKs/current/sdk-core/pebble/aplite/lib/libpebble.a(tmp7jpKUopebble.o)
                0x000000000000054c                window_get_root_layer
 .text.window_set_window_handlers
                0x0000000000000558        0xc /home/claudio/.pebble-sdk/SDKs/current/sdk-core/pebble/aplite/lib/libpebble.a(tmp7jpKUopebble.o)
                0x0000000000000558                window_set_window_handlers
 .text.window_stack_push
                0x0000000000000564        0xc /home/claudio/.pebble-sdk/SDKs/current/sdk-core/pebble/aplite/lib/libpebble.a(tmp7jpKUopebble.o)
                0x0000000000000564                window_stack_push
 .text.app_message_inbox_size_maximum
                0x0000000000000570        0xc /home/claudio/.pebble-sdk/SDKs/current/sdk-core/pebble/aplite/lib/libpebble.a(tmp7jpKUopebble.o)
                0x0000000000000570                app_message_inbox_size_maximum
 .text.app_message_outbox_size_maximum
                0x000000000000057c        0xc /home/claudio/.pebble-sdk/SDKs/current/sdk-core/pebble/aplite/lib/libpebble.a(tmp7jpKUopebble.o)
                0x000000000000057c                app_message_outbox_size_maximum
 .text.app_message_register_inbox_dropped
                0x0000000000000588        0xc /home/claudio/.pebble-sdk/SDKs/current/sdk-core/pebble/aplite/lib/libpebble.a(tmp7jpKUopebble.o)
                0x0000000000000588                app_message_register_inbox_dropped
 .text.app_message_register_inbox_received
                0x0000000000000594        0xc /home/claudio/.pebble-sdk/SDKs/current/sdk-core/pebble/aplite/lib/libpebble.a(tmp7jpKUopebble.o)
                0x0000000000000594                app_message_register_inbox_received
 .text.menu_layer_create
                0x00000000000005a0        0xc /home/claudio/.pebble-sdk/SDKs/current/sdk-core/pebble/aplite/lib/libpebble.a(tmp7jpKUopebble.o)
                0x00000000000005a0                menu_layer_create
 .text.text_layer_destroy
                0x00000000000005ac        0xc /home/claudio/.pebble-sdk/SDKs/current/sdk-core/pebble/aplite/lib/libpebble.a(tmp7jpKUopebble.o)
                0x00000000000005ac                text_layer_destroy
 .text.menu_layer_set_callbacks
                0x00000000000005b8        0xc /home/claudio/.pebble-sdk/SDKs/current/sdk-core/pebble/aplite/lib/libpebble.a(tmp7jpKUopebble.o)
                0x00000000000005b8                menu_layer_set_callbacks
 *(.rodata)
 *(.rodata*)
 .rodata.str1.1
                0x00000000000005c4       0x63 src/c/pebble-stocks.c.33.o

.glue_7         0x0000000000000628        0x0
 .glue_7        0x0000000000000000        0x0 linker stubs

.glue_7t        0x0000000000000628        0x0
 .glue_7t       0x0000000000000000        0x0 linker stubs

.vfp11_veneer   0x0000000000000628        0x0
 .vfp11_veneer  0x0000000000000000        0x0 linker stubs

.v4_bx          0x0000000000000628        0x0
 .v4_bx         0x0000000000000000        0x0 linker stubs

.iplt           0x0000000000000628        0x0
 .iplt          0x0000000000000000        0x0 /home/claudio/pebble-dev/pebble-sdk-4.6-rc2-linux64/arm-cs-tools/bin/../lib/gcc/arm-none-eabi/4.7.2/thumb2/crtbegin.o

.rel.dyn        0x0000000000000628        0x0
 .rel.iplt      0x0000000000000000        0x0 /home/claudio/pebble-dev/pebble-sdk-4.6-rc2-linux64/arm-cs-tools/bin/../lib/gcc/arm-none-eabi/4.7.2/thumb2/crtbegin.o
 .rel.got       0x0000000000000000        0x0 /home/claudio/pebble-dev/pebble-sdk-4.6-rc2-linux64/arm-cs-tools/bin/../lib/gcc/arm-none-eabi/4.7.2/thumb2/crtbegin.o

.data           0x0000000000000628       0x30
 *(.data)
 .data          0x0000000000000628        0x0 /home/claudio/pebble-dev/pebble-sdk-4.6-rc2-linux64/arm-cs-tools/bin/../lib/gcc/arm-none-eabi/4.7.2/thumb2/crti.o
 .data          0x0000000000000628        0x4 /home/claudio/pebble-dev/pebble-sdk-4.6-rc2-linux64/arm-cs-tools/bin/../lib/gcc/arm-none-eabi/4.7.2/thumb2/crtbegin.o
                0x0000000000000628                __dso_handle
 .data          0x000000000000062c        0x0 src/c/pebble-stocks.c.33.o
 .data          0x000000000000062c        0x0 aplite/appinfo.auto.c.33.o
 .data          0x000000000000062c        0x0 aplite/src/resource_ids.auto.c.33.o
 .data          0x000000000000062c        0x0 src/message_keys.auto.c.33.o
 .data          0x000000000000062c        0x0 /home/claudio/.pebble-sdk/SDKs/current/sdk-core/pebble/aplite/lib/libpebble.a(tmp7jpKUopebble.o)
 .data          0x000000000000062c        0x0 /home/claudio/pebble-dev/pebble-sdk-4.6-rc2-linux64/arm-cs-tools/bin/../lib/gcc/arm-none-eabi/4.7.2/thumb2/crtend.o
 .data          0x000000000000062c        0x0 /home/claudio/pebble-dev/pebble-sdk-4.6-rc2-linux64/arm-cs-tools/bin/../lib/gcc/arm-none-eabi/4.7.2/thumb2/crtn.o
 *(.data.*)
 .data.MESSAGE_KEY_TotalTickers
                0x000000000000062c        0x4 src/message_keys.auto.c.33.o
                0x000000000000062c                MESSAGE_KEY_TotalTickers
 .data.MESSAGE_KEY_High
                0x0000000000000630        0x4 src/message_keys.auto.c.33.o
                0x0000000000000630                MESSAGE_KEY_High
 .data.MESSAGE_KEY_Low
                0x0000000000000634        0x4 src/message_keys.auto.c.33.o
                0x0000000000000634                MESSAGE_KEY_Low
 .data.MESSAGE_KEY_Change
                0x0000000000000638        0x4 src/message_keys.auto.c.33.o
                0x0000000000000638                MESSAGE_KEY_Change
 .data.MESSAGE_KEY_Price
                0x000000000000063c        0x4 src/message_keys.auto.c.33.o
                0x000000000000063c                MESSAGE_KEY_Price
 .data.MESSAGE_KEY_Symbol
                0x0000000000000640        0x4 src/message_keys.auto.c.33.o
                0x0000000000000640                MESSAGE_KEY_Symbol
 .data.MESSAGE_KEY_PrevClose
                0x0000000000000644        0x4 src/message_keys.auto.c.33.o
                0x0000000000000644                MESSAGE_KEY_PrevClose
 .data.MESSAGE_KEY_Ready
                0x0000000000000648        0x4 src/message_keys.auto.c.33.o
                0x0000000000000648                MESSAGE_KEY_Ready
 .data.MESSAGE_KEY_ChangePercent
                0x000000000000064c        0x4 src/message_keys.auto.c.33.o
                0x000000000000064c                MESSAGE_KEY_ChangePercent
 .data.MESSAGE_KEY_Open
                0x0000000000000650        0x4 src/message_keys.auto.c.33.o
                0x0000000000000650                MESSAGE_KEY_Open
 .data.MESSAGE_KEY_Volume
                0x0000000000000654        0x4 src/message_keys.auto.c.33.o
                0x0000000000000654                MESSAGE_KEY_Volume

.igot.plt       0x0000000000000658        0x0
 .igot.plt      0x0000000000000000        0x0 /home/claudio/pebble-dev/pebble-sdk-4.6-rc2-linux64/arm-cs-tools/bin/../lib/gcc/arm-none-eabi/4.7.2/thumb2/crtbegin.o

.got            0x0000000000000658       0x2c
 .got           0x0000000000000658       0x2c /home/claudio/pebble-dev/pebble-sdk-4.6-rc2-linux64/arm-cs-tools/bin/../lib/gcc/arm-none-eabi/4.7.2/thumb2/crtbegin.o

.got.plt        0x0000000000000684        0xc
 .got.plt       0x0000000000000684        0xc /home/claudio/pebble-dev/pebble-sdk-4.6-rc2-linux64/arm-cs-tools/bin/../lib/gcc/arm-none-eabi/4.7.2/thumb2/crtbegin.o
                0x0000000000000684                _GLOBAL_OFFSET_TABLE_

.bss            0x0000000000000690      0x518
 *(.bss)
 *(.bss.*)
 .bss.changePercent
                0x0000000000000690       0x96 src/c/pebble-stocks.c.33.o
 .bss.open      0x0000000000000726       0x96 src/c/pebble-stocks.c.33.o
 .bss.volume    0x00000000000007bc       0x96 src/c/pebble-stocks.c.33.o
 *fill*         0x0000000000000852        0x2 
 .bss.s_text_layer
                0x0000000000000854        0x4 src/c/pebble-stocks.c.33.o
 .bss.change    0x0000000000000858       0x96 src/c/pebble-stocks.c.33.o
 .bss.high      0x00000000000008ee       0x96 src/c/pebble-stocks.c.33.o
 .bss.price     0x0000000000000984       0x96 src/c/pebble-stocks.c.33.o
 *fill*         0x0000000000000a1a        0x2 
 .bss.s_canvas_layer
                0x0000000000000a1c        0x4 src/c/pebble-stocks.c.33.o
 .bss.received  0x0000000000000a20        0x4 src/c/pebble-stocks.c.33.o
 .bss.s_window  0x0000000000000a24        0x4 src/c/pebble-stocks.c.33.o
 .bss.total     0x0000000000000a28        0x4 src/c/pebble-stocks.c.33.o
 .bss.close     0x0000000000000a2c       0x96 src/c/pebble-stocks.c.33.o
 .bss.tickers   0x0000000000000ac2       0x4b src/c/pebble-stocks.c.33.o
 .bss.low       0x0000000000000b0d       0x96 src/c/pebble-stocks.c.33.o
 *fill*         0x0000000000000ba3        0x1 
 .bss.s_menu_layer
                0x0000000000000ba4        0x4 src/c/pebble-stocks.c.33.o

DISCARD
 libc.a(*)
 libm.a(*)
 libgcc.a(*)
 *(.eh_frame)
OUTPUT(/mnt/c/Users/Claudio/Desktop/pebble-stocks/build/aplite/pebble-app.elf elf32-littlearm)

.ARM.attributes
                0x0000000000000000       0x27
 .ARM.attributes
                0x0000000000000000       0x19 /home/claudio/pebble-dev/pebble-sdk-4.6-rc2-linux64/arm-cs-tools/bin/../lib/gcc/arm-none-eabi/4.7.2/thumb2/crti.o
 .ARM.attributes
                0x0000000000000019       0x29 /home/claudio/pebble-dev/pebble-sdk-4.6-rc2-linux64/arm-cs-tools/bin/../lib/gcc/arm-none-eabi/4.7.2/thumb2/crtbegin.o
 .ARM.attributes
                0x0000000000000042       0x33 src/c/pebble-stocks.c.33.o
 .ARM.attributes
                0x0000000000000075       0x33 aplite/appinfo.auto.c.33.o
 .ARM.attributes
                0x00000000000000a8       0x33 aplite/src/resource_ids.auto.c.33.o
 .ARM.attributes
                0x00000000000000db       0x33 src/message_keys.auto.c.33.o
 .ARM.attributes
                0x000000000000010e       0x21 /home/claudio/.pebble-sdk/SDKs/current/sdk-core/pebble/aplite/lib/libpebble.a(tmp7jpKUopebble.o)
 .ARM.attributes
                0x000000000000012f       0x29 /home/claudio/pebble-dev/pebble-sdk-4.6-rc2-linux64/arm-cs-tools/bin/../lib/gcc/arm-none-eabi/4.7.2/thumb2/crtend.o
 .ARM.attributes
                0x0000000000000158       0x19 /home/claudio/pebble-dev/pebble-sdk-4.6-rc2-linux64/arm-cs-tools/bin/../lib/gcc/arm-none-eabi/4.7.2/thumb2/crtn.o

.comment        0x0000000000000000       0x4e
 .comment       0x0000000000000000       0x4e /home/claudio/pebble-dev/pebble-sdk-4.6-rc2-linux64/arm-cs-tools/bin/../lib/gcc/arm-none-eabi/4.7.2/thumb2/crtbegin.o
                                         0x4f (size before relaxing)
 .comment       0x0000000000000000       0x4f src/c/pebble-stocks.c.33.o
 .comment       0x0000000000000000       0x4f aplite/appinfo.auto.c.33.o
 .comment       0x0000000000000000       0x4f aplite/src/resource_ids.auto.c.33.o
 .comment       0x0000000000000000       0x4f src/message_keys.auto.c.33.o
 .comment       0x0000000000000000       0x4f /home/claudio/pebble-dev/pebble-sdk-4.6-rc2-linux64/arm-cs-tools/bin/../lib/gcc/arm-none-eabi/4.7.2/thumb2/crtend.o

.debug_info     0x0000000000000000     0x1750
 .debug_info    0x0000000000000000     0x129d src/c/pebble-stocks.c.33.o
 .debug_info    0x000000000000129d      0x31a aplite/appinfo.auto.c.33.o
 .debug_info    0x00000000000015b7       0x64 aplite/src/resource_ids.auto.c.33.o
 .debug_info    0x000000000000161b      0x135 src/message_keys.auto.c.33.o

.debug_abbrev   0x0000000000000000      0x3d5
 .debug_abbrev  0x0000000000000000      0x2cd src/c/pebble-stocks.c.33.o
 .debug_abbrev  0x00000000000002cd       0x9e aplite/appinfo.auto.c.33.o
 .debug_abbrev  0x000000000000036b       0x26 aplite/src/resource_ids.auto.c.33.o
 .debug_abbrev  0x0000000000000391       0x44 src/message_keys.auto.c.33.o

.debug_loc      0x0000000000000000      0x3dc
 .debug_loc     0x0000000000000000      0x3dc src/c/pebble-stocks.c.33.o

.debug_aranges  0x0000000000000000       0xa0
 .debug_aranges
                0x0000000000000000       0x58 src/c/pebble-stocks.c.33.o
 .debug_aranges
                0x0000000000000058       0x18 aplite/appinfo.auto.c.33.o
 .debug_aranges
                0x0000000000000070       0x18 aplite/src/resource_ids.auto.c.33.o
 .debug_aranges
                0x0000000000000088       0x18 src/message_keys.auto.c.33.o

.debug_ranges   0x0000000000000000       0x48
 .debug_ranges  0x0000000000000000       0x48 src/c/pebble-stocks.c.33.o

.debug_line     0x0000000000000000      0x46c
 .debug_line    0x0000000000000000      0x25e src/c/pebble-stocks.c.33.o
 .debug_line    0x000000000000025e      0x127 aplite/appinfo.auto.c.33.o
 .debug_line    0x0000000000000385       0x1d aplite/src/resource_ids.auto.c.33.o
 .debug_line    0x00000000000003a2       0xca src/message_keys.auto.c.33.o

.debug_str      0x0000000000000000      0xd6b
 .debug_str     0x0000000000000000      0xb05 src/c/pebble-stocks.c.33.o
                                        0xbd6 (size before relaxing)
 .debug_str     0x0000000000000b05      0x22f aplite/appinfo.auto.c.33.o
                                        0x31f (size before relaxing)
 .debug_str     0x0000000000000d34       0x1f aplite/src/resource_ids.auto.c.33.o
                                         0xe0 (size before relaxing)
 .debug_str     0x0000000000000d53       0x18 src/message_keys.auto.c.33.o
                                        0x1ba (size before relaxing)

.debug_frame    0x0000000000000000       0xf4
 .debug_frame   0x0000000000000000       0xf4 src/c/pebble-stocks.c.33.o
